$ vite dev --host "127.0.0.1" --port "5173"
You have specified a baseUrl and/or paths in your tsconfig.json which interferes with SvelteKit's auto-generated tsconfig.json. Remove it to avoid problems with intellisense. For path aliases, use `kit.alias` instead: https://svelte.dev/docs/kit/configuration#alias

  VITE v8.0.11  ready in 508 ms

  ➜  Local:   http://127.0.0.1:5173/
3:36:03 PM [vite-plugin-svelte] src/lib/components/ShortcutHelpOverlay.svelte:74:2 Elements with the 'dialog' interactive role must have a tabindex value
https://svelte.dev/e/a11y_interactive_supports_focus
3:36:04 PM [vite-plugin-svelte] src/lib/components/ShortcutHelpOverlay.svelte:74:2 Elements with the 'dialog' interactive role must have a tabindex value
https://svelte.dev/e/a11y_interactive_supports_focus
3:36:07 PM [vite-plugin-svelte] src/lib/components/search/InContextSearchBar.svelte:33:21 This reference only captures the initial value of `initialValue`. Did you mean to reference it inside a closure instead?
https://svelte.dev/e/state_referenced_locally
3:36:07 PM [vite-plugin-svelte] src/lib/components/search/InContextSearchBar.svelte:34:52 This reference only captures the initial value of `facetCounts`. Did you mean to reference it inside a closure instead?
https://svelte.dev/e/state_referenced_locally
3:36:07 PM [vite-plugin-svelte] src/lib/components/search/InContextSearchBar.svelte:33:21 This reference only captures the initial value of `initialValue`. Did you mean to reference it inside a closure instead?
https://svelte.dev/e/state_referenced_locally
3:36:07 PM [vite-plugin-svelte] src/lib/components/search/InContextSearchBar.svelte:34:52 This reference only captures the initial value of `facetCounts`. Did you mean to reference it inside a closure instead?
https://svelte.dev/e/state_referenced_locally
3:36:09 PM [vite-plugin-svelte] src/routes/search/+page.svelte:25:39 This reference only captures the initial value of `data`. Did you mean to reference it inside a derived instead?
https://svelte.dev/e/state_referenced_locally
3:36:09 PM [vite-plugin-svelte] src/routes/search/+page.svelte:26:24 This reference only captures the initial value of `data`. Did you mean to reference it inside a derived instead?
https://svelte.dev/e/state_referenced_locally
3:36:09 PM [vite-plugin-svelte] src/routes/search/+page.svelte:27:22 This reference only captures the initial value of `data`. Did you mean to reference it inside a derived instead?
https://svelte.dev/e/state_referenced_locally
3:36:09 PM [vite-plugin-svelte] src/routes/search/+page.svelte:25:39 This reference only captures the initial value of `data`. Did you mean to reference it inside a derived instead?
https://svelte.dev/e/state_referenced_locally
3:36:09 PM [vite-plugin-svelte] src/routes/search/+page.svelte:26:24 This reference only captures the initial value of `data`. Did you mean to reference it inside a derived instead?
https://svelte.dev/e/state_referenced_locally
3:36:09 PM [vite-plugin-svelte] src/routes/search/+page.svelte:27:22 This reference only captures the initial value of `data`. Did you mean to reference it inside a derived instead?
https://svelte.dev/e/state_referenced_locally
3:36:14 PM [vite-plugin-svelte] src/routes/audit/+page.svelte:24:21 This reference only captures the initial value of `data`. Did you mean to reference it inside a derived instead?
https://svelte.dev/e/state_referenced_locally
3:36:14 PM [vite-plugin-svelte] src/routes/audit/+page.svelte:25:20 This reference only captures the initial value of `data`. Did you mean to reference it inside a derived instead?
https://svelte.dev/e/state_referenced_locally
3:36:14 PM [vite-plugin-svelte] src/routes/audit/+page.svelte:26:20 This reference only captures the initial value of `data`. Did you mean to reference it inside a derived instead?
https://svelte.dev/e/state_referenced_locally
3:36:14 PM [vite-plugin-svelte] src/routes/audit/+page.svelte:27:23 This reference only captures the initial value of `data`. Did you mean to reference it inside a derived instead?
https://svelte.dev/e/state_referenced_locally
3:36:14 PM [vite-plugin-svelte] src/routes/audit/+page.svelte:28:24 This reference only captures the initial value of `data`. Did you mean to reference it inside a derived instead?
https://svelte.dev/e/state_referenced_locally
3:36:14 PM [vite-plugin-svelte] src/routes/audit/+page.svelte:29:22 This reference only captures the initial value of `data`. Did you mean to reference it inside a derived instead?
https://svelte.dev/e/state_referenced_locally
3:36:14 PM [vite-plugin-svelte] src/routes/audit/+page.svelte:24:21 This reference only captures the initial value of `data`. Did you mean to reference it inside a derived instead?
https://svelte.dev/e/state_referenced_locally
3:36:14 PM [vite-plugin-svelte] src/routes/audit/+page.svelte:25:20 This reference only captures the initial value of `data`. Did you mean to reference it inside a derived instead?
https://svelte.dev/e/state_referenced_locally
3:36:14 PM [vite-plugin-svelte] src/routes/audit/+page.svelte:26:20 This reference only captures the initial value of `data`. Did you mean to reference it inside a derived instead?
https://svelte.dev/e/state_referenced_locally
3:36:14 PM [vite-plugin-svelte] src/routes/audit/+page.svelte:27:23 This reference only captures the initial value of `data`. Did you mean to reference it inside a derived instead?
https://svelte.dev/e/state_referenced_locally
3:36:14 PM [vite-plugin-svelte] src/routes/audit/+page.svelte:28:24 This reference only captures the initial value of `data`. Did you mean to reference it inside a derived instead?
https://svelte.dev/e/state_referenced_locally
3:36:14 PM [vite-plugin-svelte] src/routes/audit/+page.svelte:29:22 This reference only captures the initial value of `data`. Did you mean to reference it inside a derived instead?
https://svelte.dev/e/state_referenced_locally
3:36:15 PM [vite-plugin-svelte] src/routes/settings/routing/RoutingPage.svelte:44:26 This reference only captures the initial value of `data`. Did you mean to reference it inside a derived instead?
https://svelte.dev/e/state_referenced_locally
3:36:15 PM [vite-plugin-svelte] src/routes/settings/routing/RoutingPage.svelte:45:28 This reference only captures the initial value of `data`. Did you mean to reference it inside a derived instead?
https://svelte.dev/e/state_referenced_locally
3:36:15 PM [vite-plugin-svelte] src/routes/settings/routing/RoutingPage.svelte:44:26 This reference only captures the initial value of `data`. Did you mean to reference it inside a derived instead?
https://svelte.dev/e/state_referenced_locally
3:36:15 PM [vite-plugin-svelte] src/routes/settings/routing/RoutingPage.svelte:45:28 This reference only captures the initial value of `data`. Did you mean to reference it inside a derived instead?
https://svelte.dev/e/state_referenced_locally
3:36:17 PM [vite-plugin-svelte] src/routes/settings/theme/+page.svelte:14:45 This reference only captures the initial value of `data`. Did you mean to reference it inside a derived instead?
https://svelte.dev/e/state_referenced_locally
3:36:17 PM [vite-plugin-svelte] src/routes/settings/theme/+page.svelte:14:45 This reference only captures the initial value of `data`. Did you mean to reference it inside a derived instead?
https://svelte.dev/e/state_referenced_locally
3:56:01 PM [vite] (client) page reload .svelte-kit/generated/client/nodes/0.js
3:56:01 PM [vite] (client) page reload .svelte-kit/generated/client/nodes/1.js
3:56:01 PM [vite] (client) page reload .svelte-kit/generated/client/nodes/2.js
3:56:01 PM [vite] (client) page reload .svelte-kit/generated/client/nodes/3.js
3:56:01 PM [vite] (client) page reload .svelte-kit/generated/client/nodes/5.js
3:56:01 PM [vite] (client) page reload .svelte-kit/generated/client/nodes/7.js
3:56:01 PM [vite] (client) page reload .svelte-kit/generated/client/nodes/14.js
3:56:01 PM [vite] (client) page reload .svelte-kit/generated/client/nodes/19.js
3:56:01 PM [vite] (client) page reload .svelte-kit/generated/client/nodes/21.js
3:56:01 PM [vite] (client) page reload .svelte-kit/generated/client/nodes/22.js
3:56:01 PM [vite] (client) page reload .svelte-kit/generated/client/nodes/28.js
3:56:01 PM [vite] (client) page reload .svelte-kit/generated/client/nodes/29.js
3:56:01 PM [vite] (client) page reload .svelte-kit/generated/client/nodes/30.js
3:56:01 PM [vite] (client) page reload .svelte-kit/generated/client/nodes/66.js
3:56:01 PM [vite] (client) page reload .svelte-kit/generated/client/nodes/67.js
3:56:01 PM [vite] (client) page reload .svelte-kit/generated/client/nodes/74.js
3:56:01 PM [vite] (client) page reload .svelte-kit/generated/client/nodes/77.js
3:56:01 PM [vite] (client) page reload .svelte-kit/generated/client/nodes/78.js
3:56:01 PM [vite] (client) page reload .svelte-kit/generated/client/nodes/81.js
3:56:01 PM [vite] (client) page reload .svelte-kit/generated/client/nodes/87.js
3:56:01 PM [vite] (client) page reload .svelte-kit/generated/client/nodes/97.js
3:56:01 PM [vite] (client) page reload .svelte-kit/generated/client/nodes/102.js
3:56:01 PM [vite] (client) page reload .svelte-kit/generated/client/app.js
3:56:01 PM [vite] (client) page reload .svelte-kit/generated/client/matchers.js
3:56:01 PM [vite] (ssr) page reload .svelte-kit/generated/server/internal.js
3:56:01 PM [vite] (client) page reload .svelte-kit/generated/root.js
3:56:01 PM [vite] (ssr) page reload .svelte-kit/generated/root.js
3:56:01 PM [vite] (ssr) page reload .svelte-kit/generated/root.svelte
4:04:00 PM [vite] (client) page reload .svelte-kit/generated/client/nodes/0.js
4:04:00 PM [vite] (client) page reload .svelte-kit/generated/client/nodes/1.js
4:04:00 PM [vite] (client) page reload .svelte-kit/generated/client/nodes/2.js
4:04:00 PM [vite] (client) page reload .svelte-kit/generated/client/nodes/3.js
4:04:00 PM [vite] (client) page reload .svelte-kit/generated/client/nodes/5.js
4:04:00 PM [vite] (client) page reload .svelte-kit/generated/client/nodes/7.js
4:04:00 PM [vite] (client) page reload .svelte-kit/generated/client/nodes/14.js
4:04:00 PM [vite] (client) page reload .svelte-kit/generated/client/nodes/19.js
4:04:00 PM [vite] (client) page reload .svelte-kit/generated/client/nodes/21.js
4:04:00 PM [vite] (client) page reload .svelte-kit/generated/client/nodes/22.js
4:04:00 PM [vite] (client) page reload .svelte-kit/generated/client/nodes/28.js
4:04:00 PM [vite] (client) page reload .svelte-kit/generated/client/nodes/29.js
4:04:00 PM [vite] (client) page reload .svelte-kit/generated/client/nodes/30.js
4:04:00 PM [vite] (client) page reload .svelte-kit/generated/client/nodes/66.js
4:04:00 PM [vite] (client) page reload .svelte-kit/generated/client/nodes/67.js
4:04:00 PM [vite] (client) page reload .svelte-kit/generated/client/nodes/74.js
4:04:00 PM [vite] (client) page reload .svelte-kit/generated/client/nodes/77.js
4:04:00 PM [vite] (client) page reload .svelte-kit/generated/client/nodes/78.js
4:04:00 PM [vite] (client) page reload .svelte-kit/generated/client/nodes/81.js
4:04:00 PM [vite] (client) page reload .svelte-kit/generated/client/nodes/87.js
4:04:00 PM [vite] (client) page reload .svelte-kit/generated/client/nodes/97.js
4:04:00 PM [vite] (client) page reload .svelte-kit/generated/client/nodes/102.js
4:04:00 PM [vite] (client) page reload .svelte-kit/generated/client/app.js
4:04:00 PM [vite] (client) page reload .svelte-kit/generated/client/matchers.js
4:04:00 PM [vite] (ssr) page reload .svelte-kit/generated/server/internal.js
4:04:00 PM [vite] (client) page reload .svelte-kit/generated/root.js
4:04:00 PM [vite] (ssr) page reload .svelte-kit/generated/root.js
4:04:00 PM [vite] (ssr) page reload .svelte-kit/generated/root.svelte
