$ fulcrum init /tmp/fulcrum-cli-audit-project-97
[migrator] Processing 'Migration20260501104413_auth'
[migrator] Applied 'Migration20260501104413_auth'
[migrator] Processing 'Migration20260501120537_events_org_id_backfill'
[migrator] Applied 'Migration20260501120537_events_org_id_backfill'
[migrator] Processing 'Migration20260501120538_events_org_id_notnull'
[migrator] Applied 'Migration20260501120538_events_org_id_notnull'
[migrator] Processing 'Migration20260501130000_composite_indexes'
[migrator] Applied 'Migration20260501130000_composite_indexes'
[migrator] Processing 'Migration20260501130100_flag_stubs'
[migrator] Applied 'Migration20260501130100_flag_stubs'
[migrator] Processing 'Migration20260501140000_schema_migration_ledger'
[migrator] Applied 'Migration20260501140000_schema_migration_ledger'
[migrator] Processing 'Migration20260501150000_account_verification'
[migrator] Applied 'Migration20260501150000_account_verification'
[migrator] Processing 'Migration20260502000001_orchestration_workflow_definitions'
[migrator] Applied 'Migration20260502000001_orchestration_workflow_definitions'
[migrator] Processing 'Migration20260502011859_cross_cutting_platform'
[migrator] Applied 'Migration20260502011859_cross_cutting_platform'
[migrator] Processing 'Migration20260502030300_agent_runs_symphony_columns'
[migrator] Applied 'Migration20260502030300_agent_runs_symphony_columns'
[migrator] Processing 'Migration20260502050000_routing_rules'
[migrator] Applied 'Migration20260502050000_routing_rules'
[migrator] Processing 'Migration20260502050200_skills_registry'
[migrator] Applied 'Migration20260502050200_skills_registry'
[migrator] Processing 'Migration20260502070100_docs_document_columns'
[migrator] Applied 'Migration20260502070100_docs_document_columns'
[migrator] Processing 'Migration20260502070200_docs_related_tables'
[migrator] Applied 'Migration20260502070200_docs_related_tables'
[migrator] Processing 'Migration20260502070400_agent_runs_sandcastle_columns'
[migrator] Applied 'Migration20260502070400_agent_runs_sandcastle_columns'
[migrator] Processing 'Migration20260502070500_artifacts_edges'
[migrator] Applied 'Migration20260502070500_artifacts_edges'
[migrator] Processing 'Migration20260502070600_agent_profiles'
[migrator] Applied 'Migration20260502070600_agent_profiles'
[migrator] Processing 'Migration20260502080000_inference_cache_schema'
[migrator] Applied 'Migration20260502080000_inference_cache_schema'
[migrator] Processing 'Migration20260502090000_tasks_schema_extension'
[migrator] Applied 'Migration20260502090000_tasks_schema_extension'
[migrator] Processing 'Migration20260502090100_agent_runs_claimed_by'
[migrator] Applied 'Migration20260502090100_agent_runs_claimed_by'
[migrator] Processing 'Migration20260502090200_memory_context_core'
[migrator] Applied 'Migration20260502090200_memory_context_core'
[migrator] Processing 'Migration20260502090300_sprints_schema'
[migrator] Applied 'Migration20260502090300_sprints_schema'
[migrator] Processing 'Migration20260502095400_custom_field_defs'
[migrator] Applied 'Migration20260502095400_custom_field_defs'
[migrator] Processing 'Migration20260502095500_saved_views'
[migrator] Applied 'Migration20260502095500_saved_views'
[migrator] Processing 'Migration20260502100000_memory_heuristic_dedup_constraints'
[migrator] Applied 'Migration20260502100000_memory_heuristic_dedup_constraints'
[migrator] Processing 'Migration20260502110000_repos_git'
[migrator] Applied 'Migration20260502110000_repos_git'
[migrator] Processing 'Migration20260502110300_notifications'
[migrator] Applied 'Migration20260502110300_notifications'
[migrator] Processing 'Migration20260502110400_metrics_cache'
[migrator] Applied 'Migration20260502110400_metrics_cache'
[migrator] Processing 'Migration20260502110500_connector_sync_log'
[migrator] Applied 'Migration20260502110500_connector_sync_log'
[migrator] Processing 'Migration20260502120000_webhooks'
[migrator] Applied 'Migration20260502120000_webhooks'
[migrator] Processing 'Migration20260502121000_task_crud_baseline'
[migrator] Applied 'Migration20260502121000_task_crud_baseline'
[migrator] Processing 'Migration20260502121100_task_dependencies_index'
[migrator] Applied 'Migration20260502121100_task_dependencies_index'
[migrator] Processing 'Migration20260502121200_task_tiptap_content'
[migrator] Applied 'Migration20260502121200_task_tiptap_content'
[migrator] Processing 'Migration20260503120000_doc_versions_yjs_state'
[migrator] Applied 'Migration20260503120000_doc_versions_yjs_state'
[migrator] Processing 'Migration20260503130000_agent_runs_transcript_truncated'
[migrator] Applied 'Migration20260503130000_agent_runs_transcript_truncated'
[migrator] Processing 'Migration20260503140000_artifact_checksum_retention'
[migrator] Applied 'Migration20260503140000_artifact_checksum_retention'
[migrator] Processing 'Migration20260504120000_telemetry_outbox'
[migrator] Applied 'Migration20260504120000_telemetry_outbox'
[migrator] Processing 'Migration20260504130000_ddl_cleanup'
[migrator] Applied 'Migration20260504130000_ddl_cleanup'
[migrator] Processing 'Migration20260505010000_agent_runs_lifecycle_codex_columns'
[migrator] Applied 'Migration20260505010000_agent_runs_lifecycle_codex_columns'
[migrator] Processing 'Migration20260505023000_agent_runs_app_server_ids'
[migrator] Applied 'Migration20260505023000_agent_runs_app_server_ids'
[migrator] Processing 'Migration20260505041000_routing_drafts'
[migrator] Applied 'Migration20260505041000_routing_drafts'
[migrator] Processing 'Migration20260505042000_skill_supply_chain'
[migrator] Applied 'Migration20260505042000_skill_supply_chain'
[migrator] Processing 'Migration20260505100000_phase5_schema_extensions'
[migrator] Applied 'Migration20260505100000_phase5_schema_extensions'
[migrator] Processing 'Migration20260505100001_phase5_schema_new_tables'
[migrator] Applied 'Migration20260505100001_phase5_schema_new_tables'
[migrator] Processing 'Migration20260506001'
[migrator] Applied 'Migration20260506001'
[migrator] Processing 'Migration20260506095000_phase95_application_authority'
[migrator] Applied 'Migration20260506095000_phase95_application_authority'
[migrator] Processing 'Migration20260507001'
[migrator] Applied 'Migration20260507001'
[migrator] Processing 'Migration20260507002_jobs_dispatch_project_scope'
[migrator] Applied 'Migration20260507002_jobs_dispatch_project_scope'
[migrator] Processing 'Migration20260507003_artifact_web_surface_columns'
[migrator] Applied 'Migration20260507003_artifact_web_surface_columns'
[migrator] Processing 'Migration20260507004_project_web_surface_columns'
[migrator] Applied 'Migration20260507004_project_web_surface_columns'
[migrator] Processing 'Migration20260508090000_phase96_project_setup'
[migrator] Applied 'Migration20260508090000_phase96_project_setup'
✓ Local org bootstrapped

$ fulcrum projects create --name CLI Audit Project --json
{"id":"6e7a2292-446b-40d3-91af-f365f5a934b9","slug":"cli-audit-project","name":"CLI Audit Project","parentId":null,"kind":"project","path":"cli-audit-project","depth":0}

$ fulcrum tasks create --title CLI Audit Task --json
{"id":"76e64152-f0ba-4584-b743-2c04fb6accca","orgId":"00000000-0000-0000-0000-000000000001","projectId":null,"title":"CLI Audit Task","description":null,"descriptionText":"","tiptapContent":{"type":"doc","content":[{"type":"paragraph"}]},"status":"todo","priority":null,"points":null,"assigneeId":null,"labels":[],"parentId":null,"dependencies":{"blocks":[],"blocked_by":[]},"taskType":"task","cycleId":null,"moduleId":null,"createdAt":"2026-05-08T22:05:47.304Z","updatedAt":"2026-05-08T22:05:47.304Z","deletedAt":null}

$ fulcrum projects list --json
[{"id":"6e7a2292-446b-40d3-91af-f365f5a934b9","slug":"cli-audit-project","name":"CLI Audit Project","description":null,"updated_at":"2026-05-08T22:05:46.995Z"}]

$ fulcrum tasks list --json
[{"id":"76e64152-f0ba-4584-b743-2c04fb6accca","orgId":"00000000-0000-0000-0000-000000000001","projectId":null,"title":"CLI Audit Task","description":null,"descriptionText":"","tiptapContent":{"type":"doc","content":[{"type":"paragraph"}]},"status":"todo","priority":null,"points":null,"assigneeId":null,"labels":[],"parentId":null,"dependencies":{"blocks":[],"blocked_by":[]},"taskType":"task","cycleId":null,"moduleId":null,"createdAt":"2026-05-08T22:05:47.304Z","updatedAt":"2026-05-08T22:05:47.304Z","deletedAt":null}]
